09-24 23:19:52.986 D/ViewContentFactory(30614): createInterceptor took 14ms
09-24 23:19:53.001 W/vyk.av.rtmppus(30614): Accessing hidden method Landroid/view/View;->computeFitSystemWindows(Landroid/graphics/Rect;Landroid/graphics/Rect;)Z (unsupported, reflection, allowed)
09-24 23:19:53.003 W/vyk.av.rtmppus(30614): Accessing hidden method Landroid/view/ViewGroup;->makeOptionalFitsSystemWindows()V (unsupported, reflection, allowed)
09-24 23:19:53.011 I/SurfaceFactory(30614): [static] sSurfaceFactory = com.mediatek.view.impl.SurfaceFactoryImpl@1514ebc
09-24 23:19:53.011 I/SurfaceFlinger(  790): [SF client] NEW(0xb40000752ae81640) for (30614:com.devyk.av.rtmppush)
09-24 23:19:53.038 W/LiveActivity(30614): camera permission not granted, skip startPreview
09-24 23:19:53.061 I/SurfaceFlinger(  790): operator()(), mtkRenderCntDebug 28359, screenshot (colorBackgroundLayer#0)
09-24 23:19:53.061 I/SurfaceFlinger(  790): operator()(), mtkRenderCntDebug 28359, screenshot (Splash Screen com.devyk.av.rtmppush#0)
09-24 23:19:53.067 I/libPerfCtl(  738): xgfGetFPS pid:2113 fps:61
09-24 23:19:53.067 I/libPerfCtl(  738): xgfGetFPS pid:2122 fps:-1
09-24 23:19:53.067 I/libPerfCtl(  738): xgfGetFPS pid:30406 fps:-1
09-24 23:19:53.105 W/LiveActivity(30614): camera permission not granted, skip startPreview
09-24 23:19:53.113 I/SurfaceFlinger(  790): [SF client] NEW(0xb40000752ae80ec0) for (30614:com.devyk.av.rtmppush)
09-24 23:19:53.114 I/MsyncFactory(30614): [static] sMsyncFactory = com.mediatek.view.impl.MsyncFactoryImpl@6db726b
09-24 23:19:53.115 D/OpenMsyncAppList(30614): loadTunerAppList + 
09-24 23:19:53.118 D/OpenMsyncAppList(30614): loadTunerAppList - 
09-24 23:19:53.127 D/ViewRootImpl[LiveActivity](30614): hardware acceleration = true, sRendererEnabled = true, forceHwAccelerated = false
09-24 23:19:53.130 D/DecorView[](30614): getWindowModeFromSystem  windowmode is 1
09-24 23:19:53.130 D/DecorView[](30614): updateDecorCaptionStatus displayWindowDecor is false
09-24 23:19:53.132 I/SurfaceFlinger(  790): [SF client] NEW(0xb40000752ae835c0) for (1492:system_server)
09-24 23:19:53.138 D/libMEOW (30614): meow new tls: 0x7e55b5a2c0
09-24 23:19:53.138 D/libMEOW (30614): applied 1 plugins for [com.devyk.av.rtmppush]:
09-24 23:19:53.138 D/libMEOW (30614):   plugin 1: [libMEOW_gift.so]: 0xb400007e44ef0700
09-24 23:19:53.138 D/libMEOW (30614): rebuild call chain: 0x7e55b69d80
09-24 23:19:53.142 D/RecentsImpl( 2122): mActivityStateObserver com.devyk.av.rtmppush.LiveActivity
09-24 23:19:53.142 W/RecentsImpl( 2122): onResumed className=com.devyk.av.rtmppush.LiveActivity   mIsInAnotherPro=false   isKeyguardLocked=false
09-24 23:19:53.142 W/RecentsImpl( 2122): disableTouchBySwipeStatusBar    disable=false
09-24 23:19:53.142 D/RecentsImpl( 2122): showNavStubView
09-24 23:19:53.142 D/GestureStubView_Touch( 2122): disableTouchBySwipeStatusBar    old=false   new=false
09-24 23:19:53.143 D/NavStubView_Touch( 2122): setKeepHidden    old=false   new=false
09-24 23:19:53.143 D/GestureStubView_Touch( 2122): disableTouchBySwipeStatusBar    old=false   new=false
09-24 23:19:53.143 W/RecentsImpl( 2122): disableBackStubWindow    disableTouch=false
09-24 23:19:53.143 D/GestureStubView_Touch( 2122): disableTouch    old=true   new=false
09-24 23:19:53.143 D/GestureStubView_Touch( 2122): updateTouchable    old=true   new=true
09-24 23:19:53.143 D/GestureStubView_Touch( 2122): disableTouch    old=true   new=false
09-24 23:19:53.143 D/GestureStubView_Touch( 2122): updateTouchable    old=true   new=true
09-24 23:19:53.143 D/RecentsImpl( 2122): showBackStubWindow  hasNavigationBar=true
09-24 23:19:53.143 D/GestureStubView_Touch( 2122): setKeepHidden    old=true   new=false
09-24 23:19:53.143 D/GestureStubView_Touch( 2122): updateTouchable    old=true   new=false
09-24 23:19:53.143 D/GestureStubView_Touch( 2122):   updateTouchable---requestApplyInsets
09-24 23:19:53.143 W/GestureStubView( 2122): adaptRotation   currentRotation=0   mRotation=0
09-24 23:19:53.143 D/GestureStubView( 2122): resetRenderProperty: showGestureStub   isLayoutParamChanged=false
09-24 23:19:53.143 D/GestureStubView_Touch( 2122): disableTouch    old=false   new=false
09-24 23:19:53.143 D/GestureStubView( 2122): showGestureStub
09-24 23:19:53.143 D/GestureStubView_Touch( 2122): setKeepHidden    old=true   new=false
09-24 23:19:53.143 D/GestureStubView_Touch( 2122): updateTouchable    old=true   new=false
09-24 23:19:53.143 D/GestureStubView_Touch( 2122):   updateTouchable---requestApplyInsets
09-24 23:19:53.143 W/GestureStubView( 2122): adaptRotation   currentRotation=0   mRotation=0
09-24 23:19:53.143 D/GestureStubView( 2122): resetRenderProperty: showGestureStub   isLayoutParamChanged=false
09-24 23:19:53.143 D/GestureStubView_Touch( 2122): disableTouch    old=false   new=false
09-24 23:19:53.143 D/GestureStubView( 2122): showGestureStub
09-24 23:19:53.144 I/PowerHalWrapper(30614): PowerHalWrapper.getInstance 
09-24 23:19:53.145 W/Looper  (30614): PerfMonitor looperActivity : package=com.devyk.av.rtmppush/.LiveActivity time=0ms latency=530ms running=0ms  procState=-1  historyMsgCount=4 (msgIndex=3 wall=183ms seq=3 late=74ms h=android.app.ActivityThread$H w=110) (msgIndex=4 wall=297ms seq=4 late=230ms h=android.app.ActivityThread$H w=159)
09-24 23:19:53.147 D/GestureStubView( 2122): gatherTransparentRegion: need render w:40  h:990
09-24 23:19:53.147 D/GestureStubView( 2122): gatherTransparentRegion: need render w:40  h:990
09-24 23:19:53.161 I/SurfaceFlinger(  790): operator()(), mtkRenderCntDebug 28360, screenshot (colorBackgroundLayer#0)
09-24 23:19:53.161 I/SurfaceFlinger(  790): operator()(), mtkRenderCntDebug 28360, screenshot (Splash Screen com.devyk.av.rtmppush#0)
09-24 23:19:53.173 E/BufferQueueDebug(  790): [com.devyk.av.rtmppush/com.devyk.av.rtmppush.LiveActivity#0](this:0xb40000752a9168e0,id:-1,api:0,p:-1,c:-1) id info cannot be read from 'com.devyk.av.rtmppush/com.devyk.av.rtmppush.LiveActivity#0'
09-24 23:19:53.173 I/BufferQueueDebug(  790): [com.devyk.av.rtmppush/com.devyk.av.rtmppush.LiveActivity#0](this:0xb40000752a9168e0,id:-1,api:0,p:-1,c:-1) BufferQueue core=(790:/system/bin/surfaceflinger)
09-24 23:19:53.184 W/WindowManager( 1492): Changing focus from null to Window{cfe4646 u0 com.devyk.av.rtmppush/com.devyk.av.rtmppush.LiveActivity} displayId=0 Callers=com.android.server.wm.RootWindowContainer.updateFocusedWindowLocked:491 com.android.server.wm.WindowManagerService.updateFocusedWindowLocked:6202 com.android.server.wm.WindowManagerService.relayoutWindow:2724 com.android.server.wm.Session.relayout:241 
09-24 23:19:53.188 D/WindowManager( 1492): Input focus has changed to Window{cfe4646 u0 com.devyk.av.rtmppush/com.devyk.av.rtmppush.LiveActivity} display=0 updateInputWindows = true
09-24 23:19:53.189 I/WindowManagerService( 1492): Physical orientation applied, rotation=0 sfOrientation=ORIENTATION_0
09-24 23:19:53.189 I/WindowManager( 1492): Relayout Window{cfe4646 u0 com.devyk.av.rtmppush/com.devyk.av.rtmppush.LiveActivity}: oldVis=4 newVis=0 focusMayChange = true requestedWidth = 720 requestedHeight = 1650 outFrames = ClientWindowFrames{frame=[0,0][720,1650] display=[0,0][720,1650] backdrop=[0,0][720,1650]} outSurfaceControl = Surface(name=com.devyk.av.rtmppush/com.devyk.av.rtmppush.LiveActivity)/@0x57b40a0
09-24 23:19:53.191 I/BufferQueueConsumer(30614): [](id:779600000000,api:0,p:-1,c:30614) connect: controlledByApp=false
09-24 23:19:53.193 I/BLASTBufferQueue(30614): [ViewRootImpl[LiveActivity]#0] constructor()
09-24 23:19:53.197 D/libMEOW (30614): meow new tls: 0x7e55b89ec0
09-24 23:19:53.197 D/libMEOW (30614): applied 1 plugins for [com.devyk.av.rtmppush]:
09-24 23:19:53.197 D/libMEOW (30614):   plugin 1: [libMEOW_gift.so]: 0xb400007e44ef0700
09-24 23:19:53.197 D/libMEOW (30614): rebuild call chain: 0x7e55b98200
09-24 23:19:53.202 D/hw-ProcessState(30614): Binder ioctl to enable oneway spam detection failed: Invalid argument
09-24 23:19:53.203 I/hwservicemanager(  432): getTransport: Cannot find entry android.hardware.configstore@1.0::ISurfaceFlingerConfigs/default in either framework or device VINTF manifest.
09-24 23:19:53.204 D/SurfaceView(30614): UPDATE null, mIsCastMode = false
09-24 23:19:53.205 E/OpenGLRenderer(30614): EglManager::makeCurrent mED = 0xb400007f0f968580, surface = 0x0, mEC = 0x7f0faf3a00, error = EGL_SUCCESS
09-24 23:19:53.208 E/BufferQueueDebug(  790): [SurfaceView[com.devyk.av.rtmppush/com.devyk.av.rtmppush.LiveActivity](BLAST)#0](this:0xb4000075244f68e0,id:-1,api:0,p:-1,c:-1) id info cannot be read from 'SurfaceView[com.devyk.av.rtmppush/com.devyk.av.rtmppush.LiveActivity](BLAST)#0'
09-24 23:19:53.208 I/BufferQueueDebug(  790): [SurfaceView[com.devyk.av.rtmppush/com.devyk.av.rtmppush.LiveActivity](BLAST)#0](this:0xb4000075244f68e0,id:-1,api:0,p:-1,c:-1) BufferQueue core=(790:/system/bin/surfaceflinger)
09-24 23:19:53.209 E/libEGL  (30614): pre_cache appList: com.sina.weibo,com.smile.gifmaker,com.ss.android.article.news,com.ss.android.ugc.aweme,com.taobao.taobao,com.tencent.mm,tv.danmaku.bili,
09-24 23:19:53.210 I/BufferQueueConsumer(30614): [](id:779600000001,api:0,p:-1,c:30614) connect: controlledByApp=false
09-24 23:19:53.210 I/BLASTBufferQueue(30614): [SurfaceView[com.devyk.av.rtmppush/com.devyk.av.rtmppush.LiveActivity]#1] constructor()
09-24 23:19:53.210 E/HWComposer(  790): getSupportedContentTypes: getSupportedContentTypes failed for display 0: Unsupported (8)
09-24 23:19:53.211 I/BufferQueueProducer(30614): [ViewRootImpl[LiveActivity]#0(BLAST Consumer)0](id:779600000000,api:1,p:30614,c:30614) connect: api=1 producerControlledByApp=true
09-24 23:19:53.215 D/libMEOW (30614): meow new tls: 0x7e53f46140
09-24 23:19:53.215 D/libMEOW (30614): applied 1 plugins for [com.devyk.av.rtmppush]:
09-24 23:19:53.215 D/libMEOW (30614):   plugin 1: [libMEOW_gift.so]: 0xb400007e44ef0700
09-24 23:19:53.215 D/libMEOW (30614): rebuild call chain: 0x7e53f556c0
09-24 23:19:53.217 I/BufferQueueProducer(30614): [SurfaceView[com.devyk.av.rtmppush/com.devyk.av.rtmppush.LiveActivity]#1(BLAST Consumer)1](id:779600000001,api:1,p:30614,c:30614) connect: api=1 producerControlledByApp=true
09-24 23:19:53.221 D/vyk.av.rtmppus(30614): MiuiProcessManagerServiceStub setSchedFifo
09-24 23:19:53.221 I/MiuiProcessManagerImpl(30614): setSchedFifo pid:30614, mode:3
09-24 23:19:53.221 D/ProcessManager( 1492): beginSchedThreads is not Enabled
09-24 23:19:53.222 D/hw-ProcessState(30614): Binder ioctl to enable oneway spam detection failed: Invalid argument
09-24 23:19:53.233 I/ClientCache(  790): add: Cache owner=0xb40000752ae81880
09-24 23:19:53.243 E/OpenGLRenderer(30614): fbcNotifyFrameComplete error: undefined symbol: fbcNotifyFrameComplete
09-24 23:19:53.243 E/OpenGLRenderer(30614): fbcNotifyNoRender error: undefined symbol: fbcNotifyNoRender
09-24 23:19:53.251 D/SurfaceView(30614): UPDATE Surface(name=SurfaceView[com.devyk.av.rtmppush/com.devyk.av.rtmppush.LiveActivity])/@0x66df274, mIsProjectionMode = false
09-24 23:19:53.256 D/WindowManager( 1492): finishDrawingLocked: mDrawState=COMMIT_DRAW_PENDING Window{cfe4646 u0 com.devyk.av.rtmppush/com.devyk.av.rtmppush.LiveActivity} in Surface(name=com.devyk.av.rtmppush/com.devyk.av.rtmppush.LiveActivity)/@0xd89d81e
09-24 23:19:53.257 I/mtkpower@impl(  738): [setMode] type:5, enabled:0
09-24 23:19:53.258 I/PowerHalWrapper( 1492): amsBoostStop AMS_BOOST_PACK_SWITCH:false, AMS_BOOST_ACT_SWITCH:false, AMS_BOOST_PROCESS_CREATE:true 
09-24 23:19:53.259 I/mtkpower@impl(  738): [mtkPowerHint] hint:21, hold:6000, ext:30, ext_hold:35000
09-24 23:19:53.259 I/libPowerHal(  738): [perfLockRel] hdl:880, idx:3
09-24 23:19:53.260 I/libPowerHal(  738): [perfLockAcq] idx:0 hdl:884 hint:21 pid:738 duration:6000 lock_user:mtkpower@1.0-se => ret_hdl:884
09-24 23:19:53.260 I/libPowerHal(  738): [perfLockRel] hdl:883, idx:4
09-24 23:19:53.261 I/libPowerHal(  738): [perfLockAcq] idx:1 hdl:885 hint:30 pid:738 duration:35000 lock_user:mtkpower@1.0-se => ret_hdl:885
09-24 23:19:53.261 I/SurfaceFlinger(  790): operator()(), mtkRenderCntDebug 28361, screenshot (Splash Screen com.devyk.av.rtmppush#0)
09-24 23:19:53.284 D/TaskSnapshot_Helper( 1492): shouldDelay()... Not launched by home, no delay needed.
09-24 23:19:53.287 I/ActivityTaskManager( 1492): Displayed com.devyk.av.rtmppush/.LiveActivity: +1s80ms
09-24 23:19:53.302 D/DecorView[](30614): onWindowFocusChanged hasWindowFocus true
09-24 23:19:53.304 I/hwcomposer(  719): [HWCDisplay] [Display_0 (type:1)] fps:57.895290,dur:1001.81,max:33.44,min:13.40  
09-24 23:19:53.315 E/BaseInputMethodService( 8292): onBindInput
09-24 23:19:53.315 E/BaseInputMethodService( 8292): onFinishInput
09-24 23:19:53.316 E/BaseInputMethodService( 8292): onStartInput
09-24 23:19:53.330 V/AS.AudioDeviceBroker( 1492): requestedCommunicationDevice, device: null mode owner pid: 0
09-24 23:19:53.330 V/AS.AudioDeviceBroker( 1492): requestedCommunicationDevice, device: null mode owner pid: 0
09-24 23:19:53.361 I/SurfaceFlinger(  790): operator()(), mtkRenderCntDebug 28362, screenshot (Background for SurfaceView[com.devyk.av.rtmppush/com.devyk.av.rtmppush.LiveActivity]#0)
09-24 23:19:53.362 I/SurfaceFlinger(  790): operator()(), mtkRenderCntDebug 28362, screenshot (SurfaceView[com.devyk.av.rtmppush/com.devyk.av.rtmppush.LiveActivity](BLAST)#0)
09-24 23:19:53.362 I/SurfaceFlinger(  790): operator()(), mtkRenderCntDebug 28362, screenshot (com.devyk.av.rtmppush/com.devyk.av.rtmppush.LiveActivity#0)
09-24 23:19:53.362 I/SurfaceFlinger(  790): operator()(), mtkRenderCntDebug 28362, screenshot (Splash Screen com.devyk.av.rtmppush#0)
09-24 23:19:53.416 I/BufferQueueProducer(  790): [Splash Screen com.devyk.av.rtmppush#0](this:0xb4000075244888e0,id:-1,api:0,p:-1,c:790) queueBuffer: fps=5.91 dur=1015.79 max=932.79 min=16.46
09-24 23:19:53.462 I/SurfaceFlinger(  790): operator()(), mtkRenderCntDebug 28363, screenshot (Background for SurfaceView[com.devyk.av.rtmppush/com.devyk.av.rtmppush.LiveActivity]#0)
09-24 23:19:53.462 I/SurfaceFlinger(  790): operator()(), mtkRenderCntDebug 28363, screenshot (SurfaceView[com.devyk.av.rtmppush/com.devyk.av.rtmppush.LiveActivity](BLAST)#0)
09-24 23:19:53.462 I/SurfaceFlinger(  790): operator()(), mtkRenderCntDebug 28363, screenshot (com.devyk.av.rtmppush/com.devyk.av.rtmppush.LiveActivity#0)
09-24 23:19:53.462 I/SurfaceFlinger(  790): operator()(), mtkRenderCntDebug 28363, screenshot (Splash Screen com.devyk.av.rtmppush#0)
09-24 23:19:53.562 I/SurfaceFlinger(  790): operator()(), mtkRenderCntDebug 28364, screenshot (Background for SurfaceView[com.devyk.av.rtmppush/com.devyk.av.rtmppush.LiveActivity]#0)
09-24 23:19:53.562 I/SurfaceFlinger(  790): operator()(), mtkRenderCntDebug 28364, screenshot (SurfaceView[com.devyk.av.rtmppush/com.devyk.av.rtmppush.LiveActivity](BLAST)#0)
09-24 23:19:53.562 I/SurfaceFlinger(  790): operator()(), mtkRenderCntDebug 28364, screenshot (com.devyk.av.rtmppush/com.devyk.av.rtmppush.LiveActivity#0)
09-24 23:19:53.562 I/SurfaceFlinger(  790): operator()(), mtkRenderCntDebug 28364, screenshot (Splash Screen com.devyk.av.rtmppush#0)
09-24 23:19:53.581 E/OpenGLRenderer( 2113): EglManager::makeCurrent mED = 0xb400007f0f968580, surface = 0x0, mEC = 0xb400007dbaef3480, error = EGL_SUCCESS
09-24 23:19:53.581 I/BufferQueueProducer( 2113): [ViewRootImpl[rtmppush]#25(BLAST Consumer)25](id:84100000019,api:1,p:2113,c:2113) disconnect: api 1
09-24 23:19:53.582 D/View    ( 2113): [Warning] assignParent to null: this = android.widget.FrameLayout{d6cff89 G.E...... ......ID 0,0-720,1650}
09-24 23:19:53.593 I/WindowManagerService( 1492): Physical orientation applied, rotation=0 sfOrientation=ORIENTATION_0
09-24 23:19:53.594 I/BLASTBufferQueue( 2113): [ViewRootImpl[rtmppush]#25] destructor()
09-24 23:19:53.594 I/BufferQueueConsumer( 2113): [ViewRootImpl[rtmppush]#25(BLAST Consumer)25](id:84100000019,api:0,p:-1,c:2113) disconnect
09-24 23:19:53.597 W/InputManager-JNI( 1492): Input channel object '67cc91a Splash Screen com.devyk.av.rtmppush (client)' was disposed without first being removed with the input manager!
09-24 23:19:53.662 I/SurfaceFlinger(  790): operator()(), mtkRenderCntDebug 28365, screenshot (Background for SurfaceView[com.devyk.av.rtmppush/com.devyk.av.rtmppush.LiveActivity]#0)
09-24 23:19:53.662 I/SurfaceFlinger(  790): operator()(), mtkRenderCntDebug 28365, screenshot (SurfaceView[com.devyk.av.rtmppush/com.devyk.av.rtmppush.LiveActivity](BLAST)#0)
09-24 23:19:53.662 I/SurfaceFlinger(  790): operator()(), mtkRenderCntDebug 28365, screenshot (com.devyk.av.rtmppush/com.devyk.av.rtmppush.LiveActivity#0)
09-24 23:19:53.662 I/SurfaceFlinger(  790): operator()(), mtkRenderCntDebug 28365, screenshot (Splash Screen com.devyk.av.rtmppush#0)
09-24 23:19:53.733 I/BufferQueueProducer(  790): [NavigationBar0#0](this:0xb40000752a9048e0,id:-1,api:0,p:-1,c:790) queueBuffer: fps=14.76 dur=1016.00 max=782.62 min=16.42
09-24 23:19:53.763 I/SurfaceFlinger(  790): operator()(), mtkRenderCntDebug 28366, screenshot (Background for SurfaceView[com.devyk.av.rtmppush/com.devyk.av.rtmppush.LiveActivity]#0)
09-24 23:19:53.763 I/SurfaceFlinger(  790): operator()(), mtkRenderCntDebug 28366, screenshot (SurfaceView[com.devyk.av.rtmppush/com.devyk.av.rtmppush.LiveActivity](BLAST)#0)
09-24 23:19:53.763 I/SurfaceFlinger(  790): operator()(), mtkRenderCntDebug 28366, screenshot (com.devyk.av.rtmppush/com.devyk.av.rtmppush.LiveActivity#0)
09-24 23:19:53.763 I/SurfaceFlinger(  790): operator()(), mtkRenderCntDebug 28366, screenshot (Splash Screen com.devyk.av.rtmppush#0)
09-24 23:19:53.768 D/WindowManager( 1492): setParent old=ActivityRecord{f851a0e u0 com.devyk.av.rtmppush/.LiveActivity t22},new=null,this window=Window{67cc91a u0 Splash Screen com.devyk.av.rtmppush},callers=com.android.server.wm.WindowContainer.removeChild:644 com.android.server.wm.ActivityRecord.removeChild:4381 com.android.server.wm.ActivityRecord.removeChild:421 com.android.server.wm.WindowContainer.removeImmediately:695 com.android.server.wm.WindowState.removeImmediately:2531 com.android.server.wm.WindowState.destroySurface:3736 
09-24 23:19:53.786 I/BufferQueueDebug(  790): [Splash Screen com.devyk.av.rtmppush#0](this:0xb4000075244888e0,id:-1,api:0,p:-1,c:790) onDestructor()
09-24 23:19:53.786 I/BLASTBufferQueue( 2113): releaseBufferCallbackThunk bufferId:9075265896621 framenumber:17 blastBufferQueue is dead
09-24 23:19:53.797 D/AALLightSensor( 1049): get SensorManager SUCCESS!
09-24 23:19:53.798 E/SensorService( 1492): CL_L  VirtualAlspscanAccess packet:hidl_client_pid_1049 use Sensorname:camera_light_Sensor 
09-24 23:19:53.798 D/AALLightSensor( 1049): enable Sensor FAIL!
09-24 23:19:53.799 I/BufferQueueProducer(  790): [StatusBar#0](this:0xb40000752adf78e0,id:-1,api:0,p:-1,c:790) queueBuffer: fps=7.51 dur=1065.93 max=949.42 min=16.50
09-24 23:19:53.863 I/SurfaceFlinger(  790): operator()(), mtkRenderCntDebug 28367, screenshot (Background for SurfaceView[com.devyk.av.rtmppush/com.devyk.av.rtmppush.LiveActivity]#0)
09-24 23:19:53.863 I/SurfaceFlinger(  790): operator()(), mtkRenderCntDebug 28367, screenshot (SurfaceView[com.devyk.av.rtmppush/com.devyk.av.rtmppush.LiveActivity](BLAST)#0)
09-24 23:19:53.863 I/SurfaceFlinger(  790): operator()(), mtkRenderCntDebug 28367, screenshot (com.devyk.av.rtmppush/com.devyk.av.rtmppush.LiveActivity#0)
09-24 23:19:53.963 I/SurfaceFlinger(  790): operator()(), mtkRenderCntDebug 28368, screenshot (Background for SurfaceView[com.devyk.av.rtmppush/com.devyk.av.rtmppush.LiveActivity]#0)
09-24 23:19:53.963 I/SurfaceFlinger(  790): operator()(), mtkRenderCntDebug 28368, screenshot (SurfaceView[com.devyk.av.rtmppush/com.devyk.av.rtmppush.LiveActivity](BLAST)#0)
09-24 23:19:53.963 I/SurfaceFlinger(  790): operator()(), mtkRenderCntDebug 28368, screenshot (com.devyk.av.rtmppush/com.devyk.av.rtmppush.LiveActivity#0)
09-24 23:19:54.030 I/WifiHAL ( 1865): Get link layer stats
09-24 23:19:54.030 I/WifiHAL ( 1865): GetLinkStatsCommand::create
09-24 23:19:54.030 D/android.hardware.wifi@1.0-service-lazy( 1865): WifiRequest::create vendor command to iface 33, vendor_id=0x1a11, subcmd=0x1200, res=0
09-24 23:19:54.030 I/android.hardware.wifi@1.0-service-lazy( 1865): WifiCommand::requestResponse err=-14
09-24 23:19:54.030 I/WifiHAL ( 1865): wifi_get_link_stats: result=-1
09-24 23:19:54.030 E/WifiVendorHal( 1492): getWifiLinkLayerStats_1_5_Internal(l.1198) failed {.code = ERROR_UNKNOWN, .description = unknown}
09-24 23:19:54.067 I/libPerfCtl(  738): xgfGetFPS pid:2113 fps:61
09-24 23:19:54.067 I/libPerfCtl(  738): xgfGetFPS pid:2122 fps:-1
09-24 23:19:54.067 I/libPerfCtl(  738): xgfGetFPS pid:30406 fps:-1
09-24 23:19:54.067 I/libPerfCtl(  738): xgfGetFPS pid:30614 fps:57
09-24 23:19:54.068 I/SurfaceFlinger(  790): operator()(), mtkRenderCntDebug 28369, screenshot (Background for SurfaceView[com.devyk.av.rtmppush/com.devyk.av.rtmppush.LiveActivity]#0)
09-24 23:19:54.068 I/SurfaceFlinger(  790): operator()(), mtkRenderCntDebug 28369, screenshot (SurfaceView[com.devyk.av.rtmppush/com.devyk.av.rtmppush.LiveActivity](BLAST)#0)
09-24 23:19:54.068 I/SurfaceFlinger(  790): operator()(), mtkRenderCntDebug 28369, screenshot (com.devyk.av.rtmppush/com.devyk.av.rtmppush.LiveActivity#0)
09-24 23:19:54.169 I/SurfaceFlinger(  790): operator()(), mtkRenderCntDebug 28370, screenshot (Background for SurfaceView[com.devyk.av.rtmppush/com.devyk.av.rtmppush.LiveActivity]#0)
09-24 23:19:54.169 I/SurfaceFlinger(  790): operator()(), mtkRenderCntDebug 28370, screenshot (SurfaceView[com.devyk.av.rtmppush/com.devyk.av.rtmppush.LiveActivity](BLAST)#0)
09-24 23:19:54.169 I/SurfaceFlinger(  790): operator()(), mtkRenderCntDebug 28370, screenshot (com.devyk.av.rtmppush/com.devyk.av.rtmppush.LiveActivity#0)
09-24 23:19:54.249 I/BufferQueueProducer(  790): [SurfaceView[com.devyk.av.rtmppush/com.devyk.av.rtmppush.LiveActivity](BLAST)#0](this:0xb4000075244f68e0,id:-1,api:0,p:-1,c:790) queueBuffer: fps=57.10 dur=1015.74 max=33.37 min=14.99
09-24 23:19:54.260 D/SBE-LaunchIdentify( 1492): SBE boost:com.devyk.av.rtmppush end
09-24 23:19:54.260 I/mtkpower_client( 1492): perf_lock_acq, hdl:872, dur:3000, num:2, tid:1730
09-24 23:19:54.261 I/mtkpower_client( 1492): ret_hdl:886
09-24 23:19:54.261 I/libPowerHal(  738): [perfLockAcq] idx:2 hdl:886 hint:-1 pid:1492 duration:3000 lock_user:system_server => ret_hdl:886
09-24 23:19:54.261 I/SbeHandle(  738): end_default_hold_time HindID : 21
09-24 23:19:54.261 I/mtkpower_client( 1492): perf_lock_rel, hdl:886, tid:1730
09-24 23:19:54.261 I/libPowerHal(  738): [disableScenarioByHintId] Disable HindID : 21
09-24 23:19:54.261 I/libPowerHal(  738): [disableScenarioByHintId] disableScenarioByHintId: HindID : 21
09-24 23:19:54.261 I/libPowerHal(  738): MTKPOWER_HINT_PROCESS_CREATE: cpu_ctrl set cpu freq: -1 -1 -1 -1
09-24 23:19:54.261 I/libPowerHal(  738): [PD] MTKPOWER_HINT_PROCESS_CREATE update cmd:1000000, param:1
09-24 23:19:54.261 I/libPowerHal(  738): [PD] MTKPOWER_HINT_PROCESS_CREATE update cmd:1410000 param:0
09-24 23:19:54.261 I/libPowerHal(  738): [PD] MTKPOWER_HINT_PROCESS_CREATE update cmd:1408300 param:40
09-24 23:19:54.261 I/libPowerHal(  738): [PD] MTKPOWER_HINT_PROCESS_CREATE update cmd:1000000 param:1
09-24 23:19:54.261 I/libPowerHal(  738): [PE] system_server update cmd:3410300 param:21
09-24 23:19:54.262 I/libPowerHal(  738): [perfLockRel] hdl:886, idx:2
09-24 23:19:54.262 I/SbeHandle(  738): end_default_hold_time HindID : 21
09-24 23:19:54.262 I/libPowerHal(  738): [disableScenarioByHintId] Disable HindID : 21
09-24 23:19:54.262 I/libPowerHal(  738): [PD] system_server update ONESHOT cmd:3410300 param:21
09-24 23:19:54.272 I/SurfaceFlinger(  790): operator()(), mtkRenderCntDebug 28371, screenshot (Background for SurfaceView[com.devyk.av.rtmppush/com.devyk.av.rtmppush.LiveActivity]#0)
09-24 23:19:54.272 I/SurfaceFlinger(  790): operator()(), mtkRenderCntDebug 28371, screenshot (SurfaceView[com.devyk.av.rtmppush/com.devyk.av.rtmppush.LiveActivity](BLAST)#0)
09-24 23:19:54.272 I/SurfaceFlinger(  790): operator()(), mtkRenderCntDebug 28371, screenshot (com.devyk.av.rtmppush/com.devyk.av.rtmppush.LiveActivity#0)
09-24 23:19:54.318 I/hwcomposer(  719): [HWCDisplay] [Display_0 (type:1)] fps:59.141182,dur:1014.52,max:33.21,min:12.68  
09-24 23:19:54.332 V/AS.AudioDeviceBroker( 1492): requestedCommunicationDevice, device: null mode owner pid: 0
09-24 23:19:54.332 V/AS.AudioDeviceBroker( 1492): requestedCommunicationDevice, device: null mode owner pid: 0
09-24 23:19:54.372 I/SurfaceFlinger(  790): operator()(), mtkRenderCntDebug 28372, screenshot (Background for SurfaceView[com.devyk.av.rtmppush/com.devyk.av.rtmppush.LiveActivity]#0)
09-24 23:19:54.372 I/SurfaceFlinger(  790): operator()(), mtkRenderCntDebug 28372, screenshot (SurfaceView[com.devyk.av.rtmppush/com.devyk.av.rtmppush.LiveActivity](BLAST)#0)
09-24 23:19:54.373 I/SurfaceFlinger(  790): operator()(), mtkRenderCntDebug 28372, screenshot (com.devyk.av.rtmppush/com.devyk.av.rtmppush.LiveActivity#0)
09-24 23:19:54.473 I/SurfaceFlinger(  790): operator()(), mtkRenderCntDebug 28373, screenshot (Background for SurfaceView[com.devyk.av.rtmppush/com.devyk.av.rtmppush.LiveActivity]#0)
09-24 23:19:54.473 I/SurfaceFlinger(  790): operator()(), mtkRenderCntDebug 28373, screenshot (SurfaceView[com.devyk.av.rtmppush/com.devyk.av.rtmppush.LiveActivity](BLAST)#0)
09-24 23:19:54.473 I/SurfaceFlinger(  790): operator()(), mtkRenderCntDebug 28373, screenshot (com.devyk.av.rtmppush/com.devyk.av.rtmppush.LiveActivity#0)
09-24 23:19:54.515 W/System  (30614): A resource failed to call close. 
09-24 23:19:54.573 I/SurfaceFlinger(  790): operator()(), mtkRenderCntDebug 28374, screenshot (Background for SurfaceView[com.devyk.av.rtmppush/com.devyk.av.rtmppush.LiveActivity]#0)
09-24 23:19:54.573 I/SurfaceFlinger(  790): operator()(), mtkRenderCntDebug 28374, screenshot (SurfaceView[com.devyk.av.rtmppush/com.devyk.av.rtmppush.LiveActivity](BLAST)#0)
09-24 23:19:54.574 I/SurfaceFlinger(  790): operator()(), mtkRenderCntDebug 28374, screenshot (com.devyk.av.rtmppush/com.devyk.av.rtmppush.LiveActivity#0)
09-24 23:19:54.674 I/SurfaceFlinger(  790): operator()(), mtkRenderCntDebug 28375, screenshot (Background for SurfaceView[com.devyk.av.rtmppush/com.devyk.av.rtmppush.LiveActivity]#0)
09-24 23:19:54.674 I/SurfaceFlinger(  790): operator()(), mtkRenderCntDebug 28375, screenshot (SurfaceView[com.devyk.av.rtmppush/com.devyk.av.rtmppush.LiveActivity](BLAST)#0)
09-24 23:19:54.674 I/SurfaceFlinger(  790): operator()(), mtkRenderCntDebug 28375, screenshot (com.devyk.av.rtmppush/com.devyk.av.rtmppush.LiveActivity#0)
09-24 23:19:54.774 I/SurfaceFlinger(  790): operator()(), mtkRenderCntDebug 28376, screenshot (Background for SurfaceView[com.devyk.av.rtmppush/com.devyk.av.rtmppush.LiveActivity]#0)
09-24 23:19:54.775 I/SurfaceFlinger(  790): operator()(), mtkRenderCntDebug 28376, screenshot (SurfaceView[com.devyk.av.rtmppush/com.devyk.av.rtmppush.LiveActivity](BLAST)#0)
09-24 23:19:54.775 I/SurfaceFlinger(  790): operator()(), mtkRenderCntDebug 28376, screenshot (com.devyk.av.rtmppush/com.devyk.av.rtmppush.LiveActivity#0)
09-24 23:19:54.802 D/AALLightSensor( 1049): get SensorManager SUCCESS!
09-24 23:19:54.804 E/SensorService( 1492): CL_L  VirtualAlspscanAccess packet:hidl_client_pid_1049 use Sensorname:camera_light_Sensor 
09-24 23:19:54.804 D/AALLightSensor( 1049): enable Sensor FAIL!
09-24 23:19:54.875 I/SurfaceFlinger(  790): operator()(), mtkRenderCntDebug 28377, screenshot (Background for SurfaceView[com.devyk.av.rtmppush/com.devyk.av.rtmppush.LiveActivity]#0)
09-24 23:19:54.875 I/SurfaceFlinger(  790): operator()(), mtkRenderCntDebug 28377, screenshot (SurfaceView[com.devyk.av.rtmppush/com.devyk.av.rtmppush.LiveActivity](BLAST)#0)
09-24 23:19:54.875 I/SurfaceFlinger(  790): operator()(), mtkRenderCntDebug 28377, screenshot (com.devyk.av.rtmppush/com.devyk.av.rtmppush.LiveActivity#0)
09-24 23:19:54.975 I/SurfaceFlinger(  790): operator()(), mtkRenderCntDebug 28378, screenshot (Background for SurfaceView[com.devyk.av.rtmppush/com.devyk.av.rtmppush.LiveActivity]#0)
09-24 23:19:54.975 I/SurfaceFlinger(  790): operator()(), mtkRenderCntDebug 28378, screenshot (SurfaceView[com.devyk.av.rtmppush/com.devyk.av.rtmppush.LiveActivity](BLAST)#0)
09-24 23:19:54.975 I/SurfaceFlinger(  790): operator()(), mtkRenderCntDebug 28378, screenshot (com.devyk.av.rtmppush/com.devyk.av.rtmppush.LiveActivity#0)
09-24 23:19:55.068 I/libPerfCtl(  738): xgfGetFPS pid:2113 fps:-1
09-24 23:19:55.068 I/libPerfCtl(  738): xgfGetFPS pid:2122 fps:-1
09-24 23:19:55.068 I/libPerfCtl(  738): xgfGetFPS pid:30406 fps:-1
09-24 23:19:55.068 I/libPerfCtl(  738): xgfGetFPS pid:30614 fps:53
09-24 23:19:55.076 I/SurfaceFlinger(  790): operator()(), mtkRenderCntDebug 28379, screenshot (Background for SurfaceView[com.devyk.av.rtmppush/com.devyk.av.rtmppush.LiveActivity]#0)
09-24 23:19:55.076 I/SurfaceFlinger(  790): operator()(), mtkRenderCntDebug 28379, screenshot (SurfaceView[com.devyk.av.rtmppush/com.devyk.av.rtmppush.LiveActivity](BLAST)#0)
09-24 23:19:55.076 I/SurfaceFlinger(  790): operator()(), mtkRenderCntDebug 28379, screenshot (com.devyk.av.rtmppush/com.devyk.av.rtmppush.LiveActivity#0)
09-24 23:19:55.177 I/SurfaceFlinger(  790): operator()(), mtkRenderCntDebug 28380, screenshot (Background for SurfaceView[com.devyk.av.rtmppush/com.devyk.av.rtmppush.LiveActivity]#0)
09-24 23:19:55.177 I/SurfaceFlinger(  790): operator()(), mtkRenderCntDebug 28380, screenshot (SurfaceView[com.devyk.av.rtmppush/com.devyk.av.rtmppush.LiveActivity](BLAST)#0)
09-24 23:19:55.177 I/SurfaceFlinger(  790): operator()(), mtkRenderCntDebug 28380, screenshot (com.devyk.av.rtmppush/com.devyk.av.rtmppush.LiveActivity#0)
09-24 23:19:55.249 I/BufferQueueProducer(  790): [SurfaceView[com.devyk.av.rtmppush/com.devyk.av.rtmppush.LiveActivity](BLAST)#0](this:0xb4000075244f68e0,id:-1,api:0,p:-1,c:790) queueBuffer: fps=52.99 dur=1000.17 max=34.07 min=15.78
09-24 23:19:55.277 I/SurfaceFlinger(  790): operator()(), mtkRenderCntDebug 28381, screenshot (Background for SurfaceView[com.devyk.av.rtmppush/com.devyk.av.rtmppush.LiveActivity]#0)
09-24 23:19:55.277 I/SurfaceFlinger(  790): operator()(), mtkRenderCntDebug 28381, screenshot (SurfaceView[com.devyk.av.rtmppush/com.devyk.av.rtmppush.LiveActivity](BLAST)#0)
09-24 23:19:55.277 I/SurfaceFlinger(  790): operator()(), mtkRenderCntDebug 28381, screenshot (com.devyk.av.rtmppush/com.devyk.av.rtmppush.LiveActivity#0)
09-24 23:19:55.334 I/hwcomposer(  719): [HWCDisplay] [Display_0 (type:1)] fps:52.168228,dur:1015.94,max:34.16,min:15.55  
09-24 23:19:55.337 V/AS.AudioDeviceBroker( 1492): requestedCommunicationDevice, device: null mode owner pid: 0
09-24 23:19:55.338 V/AS.AudioDeviceBroker( 1492): requestedCommunicationDevice, device: null mode owner pid: 0
